// Vitest Snapshot v1, https://vitest.dev/guide/snapshot.html

exports[`render single customer page 1`] = `
{
  "asFragment": [Function],
  "baseElement": <body>
    <div>
      <div
        class="grid grid-cols-2 gap-4 p-5"
      >
        <div
          class="col-span-2"
        >
          <label
            class="block text-xs font-medium text-muted-foreground mb-1.5 uppercase tracking-wide"
          >
            single_customer.labels.company_name
             *
          </label>
          <input
            class="w-full bg-input-background text-foreground placeholder:text-muted-foreground text-sm rounded-md px-3 py-2 border border-border focus:outline-none focus:ring-1 focus:ring-ring"
            placeholder="single_customer.placeholders.company_name"
            value=""
          />
        </div>
        <div>
          <label
            class="block text-xs font-medium text-muted-foreground mb-1.5 uppercase tracking-wide"
          >
            single_customer.labels.contact_person_first_name
             *
          </label>
          <input
            class="w-full bg-input-background text-foreground placeholder:text-muted-foreground text-sm rounded-md px-3 py-2 border border-border focus:outline-none focus:ring-1 focus:ring-ring"
            placeholder="single_customer.placeholders.first_name"
            value=""
          />
        </div>
        <div>
          <label
            class="block text-xs font-medium text-muted-foreground mb-1.5 uppercase tracking-wide"
          >
            single_customer.labels.contact_person_last_name
             *
          </label>
          <input
            class="w-full bg-input-background text-foreground placeholder:text-muted-foreground text-sm rounded-md px-3 py-2 border border-border focus:outline-none focus:ring-1 focus:ring-ring"
            placeholder="single_customer.placeholders.last_name"
            value=""
          />
        </div>
        <div>
          <label
            class="block text-xs font-medium text-muted-foreground mb-1.5 uppercase tracking-wide"
          >
            single_customer.labels.sector
          </label>
          <select
            class="w-full bg-input-background text-foreground text-sm rounded-md px-3 py-2 border border-border focus:outline-none focus:ring-1 focus:ring-ring appearance-none cursor-pointer"
          >
            <option
              value="Tech"
            >
              single_customer.sector.tech
            </option>
            <option
              value="Retail"
            >
              single_customer.sector.retail
            </option>
            <option
              value="Healthcare"
            >
              single_customer.sector.healthcare
            </option>
            <option
              value="Finance"
            >
              single_customer.sector.finance
            </option>
            <option
              value="Government"
            >
              single_customer.sector.government
            </option>
            <option
              value="Education"
            >
              single_customer.sector.education
            </option>
            <option
              value="Other"
            >
              single_customer.sector.other
            </option>
          </select>
        </div>
        <div>
          <label
            class="block text-xs font-medium text-muted-foreground mb-1.5 uppercase tracking-wide"
          >
            single_customer.labels.status
          </label>
          <select
            class="w-full bg-input-background text-foreground text-sm rounded-md px-3 py-2 border border-border focus:outline-none focus:ring-1 focus:ring-ring appearance-none cursor-pointer"
          >
            <option
              value="Active"
            >
              single_customer.status.active
            </option>
            <option
              value="Inactive"
            >
              single_customer.status.inactive
            </option>
            <option
              value="Prospect"
            >
              single_customer.status.prospect
            </option>
          </select>
        </div>
        <div
          class="col-span-2"
        >
          <label
            class="block text-xs font-medium text-muted-foreground mb-1.5 uppercase tracking-wide"
          >
            single_customer.labels.email
             *
          </label>
          <input
            class="w-full bg-input-background text-foreground placeholder:text-muted-foreground text-sm rounded-md px-3 py-2 border border-border focus:outline-none focus:ring-1 focus:ring-ring"
            placeholder="single_customer.placeholders.email"
            type="email"
            value=""
          />
        </div>
        <div>
          <label
            class="block text-xs font-medium text-muted-foreground mb-1.5 uppercase tracking-wide"
          >
            single_customer.labels.phone
          </label>
          <input
            class="w-full bg-input-background text-foreground placeholder:text-muted-foreground text-sm rounded-md px-3 py-2 border border-border focus:outline-none focus:ring-1 focus:ring-ring"
            placeholder="single_customer.placeholders.phone"
            value=""
          />
        </div>
        <div>
          <label
            class="block text-xs font-medium text-muted-foreground mb-1.5 uppercase tracking-wide"
          >
            single_customer.labels.city
          </label>
          <input
            class="w-full bg-input-background text-foreground placeholder:text-muted-foreground text-sm rounded-md px-3 py-2 border border-border focus:outline-none focus:ring-1 focus:ring-ring"
            placeholder="single_customer.placeholders.city"
            value=""
          />
        </div>
        <div>
          <label
            class="block text-xs font-medium text-muted-foreground mb-1.5 uppercase tracking-wide"
          >
            single_customer.labels.website
          </label>
          <input
            class="w-full bg-input-background text-foreground placeholder:text-muted-foreground text-sm rounded-md px-3 py-2 border border-border focus:outline-none focus:ring-1 focus:ring-ring"
            placeholder="single_customer.placeholders.website"
          />
        </div>
        <div>
          <label
            class="block text-xs font-medium text-muted-foreground mb-1.5 uppercase tracking-wide"
          >
            single_customer.labels.customer_since
             *
          </label>
          <input
            class="w-full bg-input-background text-foreground text-sm rounded-md px-3 py-2 border border-border focus:outline-none focus:ring-1 focus:ring-ring"
            type="date"
            value="2026-07-20"
          />
        </div>
        <div
          class="col-span-2"
        >
          <button
            class="w-full flex items-center gap-2 px-4 py-2.5 rounded-md bg-primary text-primary-foreground text-sm font-medium hover:bg-primary/90 transition-colors"
          >
            <svg
              aria-hidden="true"
              class="lucide lucide-save w-4 h-4"
              fill="none"
              height="24"
              stroke="currentColor"
              stroke-linecap="round"
              stroke-linejoin="round"
              stroke-width="2"
              viewBox="0 0 24 24"
              width="24"
              xmlns="http://www.w3.org/2000/svg"
            >
              <path
                d="M15.2 3a2 2 0 0 1 1.4.6l3.8 3.8a2 2 0 0 1 .6 1.4V19a2 2 0 0 1-2 2H5a2 2 0 0 1-2-2V5a2 2 0 0 1 2-2z"
              />
              <path
                d="M17 21v-7a1 1 0 0 0-1-1H8a1 1 0 0 0-1 1v7"
              />
              <path
                d="M7 3v4a1 1 0 0 0 1 1h7"
              />
            </svg>
            single_customer.save
          </button>
        </div>
      </div>
    </div>
  </body>,
  "container": <div>
    <div
      class="grid grid-cols-2 gap-4 p-5"
    >
      <div
        class="col-span-2"
      >
        <label
          class="block text-xs font-medium text-muted-foreground mb-1.5 uppercase tracking-wide"
        >
          single_customer.labels.company_name
           *
        </label>
        <input
          class="w-full bg-input-background text-foreground placeholder:text-muted-foreground text-sm rounded-md px-3 py-2 border border-border focus:outline-none focus:ring-1 focus:ring-ring"
          placeholder="single_customer.placeholders.company_name"
          value=""
        />
      </div>
      <div>
        <label
          class="block text-xs font-medium text-muted-foreground mb-1.5 uppercase tracking-wide"
        >
          single_customer.labels.contact_person_first_name
           *
        </label>
        <input
          class="w-full bg-input-background text-foreground placeholder:text-muted-foreground text-sm rounded-md px-3 py-2 border border-border focus:outline-none focus:ring-1 focus:ring-ring"
          placeholder="single_customer.placeholders.first_name"
          value=""
        />
      </div>
      <div>
        <label
          class="block text-xs font-medium text-muted-foreground mb-1.5 uppercase tracking-wide"
        >
          single_customer.labels.contact_person_last_name
           *
        </label>
        <input
          class="w-full bg-input-background text-foreground placeholder:text-muted-foreground text-sm rounded-md px-3 py-2 border border-border focus:outline-none focus:ring-1 focus:ring-ring"
          placeholder="single_customer.placeholders.last_name"
          value=""
        />
      </div>
      <div>
        <label
          class="block text-xs font-medium text-muted-foreground mb-1.5 uppercase tracking-wide"
        >
          single_customer.labels.sector
        </label>
        <select
          class="w-full bg-input-background text-foreground text-sm rounded-md px-3 py-2 border border-border focus:outline-none focus:ring-1 focus:ring-ring appearance-none cursor-pointer"
        >
          <option
            value="Tech"
          >
            single_customer.sector.tech
          </option>
          <option
            value="Retail"
          >
            single_customer.sector.retail
          </option>
          <option
            value="Healthcare"
          >
            single_customer.sector.healthcare
          </option>
          <option
            value="Finance"
          >
            single_customer.sector.finance
          </option>
          <option
            value="Government"
          >
            single_customer.sector.government
          </option>
          <option
            value="Education"
          >
            single_customer.sector.education
          </option>
          <option
            value="Other"
          >
            single_customer.sector.other
          </option>
        </select>
      </div>
      <div>
        <label
          class="block text-xs font-medium text-muted-foreground mb-1.5 uppercase tracking-wide"
        >
          single_customer.labels.status
        </label>
        <select
          class="w-full bg-input-background text-foreground text-sm rounded-md px-3 py-2 border border-border focus:outline-none focus:ring-1 focus:ring-ring appearance-none cursor-pointer"
        >
          <option
            value="Active"
          >
            single_customer.status.active
          </option>
          <option
            value="Inactive"
          >
            single_customer.status.inactive
          </option>
          <option
            value="Prospect"
          >
            single_customer.status.prospect
          </option>
        </select>
      </div>
      <div
        class="col-span-2"
      >
        <label
          class="block text-xs font-medium text-muted-foreground mb-1.5 uppercase tracking-wide"
        >
          single_customer.labels.email
           *
        </label>
        <input
          class="w-full bg-input-background text-foreground placeholder:text-muted-foreground text-sm rounded-md px-3 py-2 border border-border focus:outline-none focus:ring-1 focus:ring-ring"
          placeholder="single_customer.placeholders.email"
          type="email"
          value=""
        />
      </div>
      <div>
        <label
          class="block text-xs font-medium text-muted-foreground mb-1.5 uppercase tracking-wide"
        >
          single_customer.labels.phone
        </label>
        <input
          class="w-full bg-input-background text-foreground placeholder:text-muted-foreground text-sm rounded-md px-3 py-2 border border-border focus:outline-none focus:ring-1 focus:ring-ring"
          placeholder="single_customer.placeholders.phone"
          value=""
        />
      </div>
      <div>
        <label
          class="block text-xs font-medium text-muted-foreground mb-1.5 uppercase tracking-wide"
        >
          single_customer.labels.city
        </label>
        <input
          class="w-full bg-input-background text-foreground placeholder:text-muted-foreground text-sm rounded-md px-3 py-2 border border-border focus:outline-none focus:ring-1 focus:ring-ring"
          placeholder="single_customer.placeholders.city"
          value=""
        />
      </div>
      <div>
        <label
          class="block text-xs font-medium text-muted-foreground mb-1.5 uppercase tracking-wide"
        >
          single_customer.labels.website
        </label>
        <input
          class="w-full bg-input-background text-foreground placeholder:text-muted-foreground text-sm rounded-md px-3 py-2 border border-border focus:outline-none focus:ring-1 focus:ring-ring"
          placeholder="single_customer.placeholders.website"
        />
      </div>
      <div>
        <label
          class="block text-xs font-medium text-muted-foreground mb-1.5 uppercase tracking-wide"
        >
          single_customer.labels.customer_since
           *
        </label>
        <input
          class="w-full bg-input-background text-foreground text-sm rounded-md px-3 py-2 border border-border focus:outline-none focus:ring-1 focus:ring-ring"
          type="date"
          value="2026-07-20"
        />
      </div>
      <div
        class="col-span-2"
      >
        <button
          class="w-full flex items-center gap-2 px-4 py-2.5 rounded-md bg-primary text-primary-foreground text-sm font-medium hover:bg-primary/90 transition-colors"
        >
          <svg
            aria-hidden="true"
            class="lucide lucide-save w-4 h-4"
            fill="none"
            height="24"
            stroke="currentColor"
            stroke-linecap="round"
            stroke-linejoin="round"
            stroke-width="2"
            viewBox="0 0 24 24"
            width="24"
            xmlns="http://www.w3.org/2000/svg"
          >
            <path
              d="M15.2 3a2 2 0 0 1 1.4.6l3.8 3.8a2 2 0 0 1 .6 1.4V19a2 2 0 0 1-2 2H5a2 2 0 0 1-2-2V5a2 2 0 0 1 2-2z"
            />
            <path
              d="M17 21v-7a1 1 0 0 0-1-1H8a1 1 0 0 0-1 1v7"
            />
            <path
              d="M7 3v4a1 1 0 0 0 1 1h7"
            />
          </svg>
          single_customer.save
        </button>
      </div>
    </div>
  </div>,
  "debug": [Function],
  "findAllByAltText": [Function],
  "findAllByDisplayValue": [Function],
  "findAllByLabelText": [Function],
  "findAllByPlaceholderText": [Function],
  "findAllByRole": [Function],
  "findAllByTestId": [Function],
  "findAllByText": [Function],
  "findAllByTitle": [Function],
  "findByAltText": [Function],
  "findByDisplayValue": [Function],
  "findByLabelText": [Function],
  "findByPlaceholderText": [Function],
  "findByRole": [Function],
  "findByTestId": [Function],
  "findByText": [Function],
  "findByTitle": [Function],
  "getAllByAltText": [Function],
  "getAllByDisplayValue": [Function],
  "getAllByLabelText": [Function],
  "getAllByPlaceholderText": [Function],
  "getAllByRole": [Function],
  "getAllByTestId": [Function],
  "getAllByText": [Function],
  "getAllByTitle": [Function],
  "getByAltText": [Function],
  "getByDisplayValue": [Function],
  "getByLabelText": [Function],
  "getByPlaceholderText": [Function],
  "getByRole": [Function],
  "getByTestId": [Function],
  "getByText": [Function],
  "getByTitle": [Function],
  "queryAllByAltText": [Function],
  "queryAllByDisplayValue": [Function],
  "queryAllByLabelText": [Function],
  "queryAllByPlaceholderText": [Function],
  "queryAllByRole": [Function],
  "queryAllByTestId": [Function],
  "queryAllByText": [Function],
  "queryAllByTitle": [Function],
  "queryByAltText": [Function],
  "queryByDisplayValue": [Function],
  "queryByLabelText": [Function],
  "queryByPlaceholderText": [Function],
  "queryByRole": [Function],
  "queryByTestId": [Function],
  "queryByText": [Function],
  "queryByTitle": [Function],
  "rerender": [Function],
  "unmount": [Function],
}
`;
